// Jest Snapshot v1, https://goo.gl/fbAQLP

exports[`<HomePageContainer /> should match the snapshot of HomePageContainer 1`] = `
<div>
  <div
    className="sc-bdVaJa jKTdSj"
  >
    <p>
      I'm Nathan Thomas, a
       
      <a
        href="https://github.com/nwthomas"
      >
        software engineer
      </a>
       living in San Francisco and working at 
      <a
        href="https://twitter.com/"
      >
        Twitter
      </a>
      . Let's 
      <a
        href="/contact"
        onClick={[Function]}
      >
        talk
      </a>
      .
    </p>
    <div
      className="sc-bwzfXH kLAFPo"
    >
      <div>
        <h4>
          Currently:
        </h4>
        <div>
          <a
            className="twitter-logo"
            href="https://twitter.com/"
          >
            <img
              alt="Twitter logo"
              data-testid="twitterLogo"
              src="twitter-logo-white.png"
            />
          </a>
        </div>
      </div>
      <div>
        <h4>
          Previously:
        </h4>
        <div>
          <a
            href="https://lambdaschool.com/"
          >
            <img
              alt="Current school logo"
              data-testid="schoolLogo"
              src="lambda-logo-white.png"
            />
          </a>
        </div>
      </div>
    </div>
  </div>
  <div
    className="sc-htpNat hBAiWK"
  >
    <p
      id="featured-work"
    >
      Featured Projects
    </p>
    <div>
      <div>
        <div>
          <a
            href="https://github.com/labs14-stampd"
          >
            <img
              alt="Stampd DApp sample"
              data-testid="stampdPicture"
              src="stampd-macbook.png"
            />
          </a>
          <h4>
            Stampd Blockchain Credentialing
          </h4>
        </div>
      </div>
      <div>
        <div>
          <a
            href="https://github.com/dustinmyers/react-conflux"
          >
            <img
              alt="Conflux state management sample"
              data-testid="confluxPicture"
              src="conflux-logo.png"
            />
          </a>
          <h4>
            Conflux State Management
          </h4>
        </div>
      </div>
      <div>
        <div>
          <a
            href="https://github.com/nwthomas/instagram-clone"
          >
            <img
              alt="Instagram portfolio sample"
              data-testid="instagramPicture"
              src="instagram-macbook.png"
            />
          </a>
          <h4>
            Instagram Clone
          </h4>
        </div>
      </div>
      <div>
        <div>
          <a
            href="https://github.com/nwthomas/huddle-landing-page"
          >
            <img
              alt="Huddle portfolio sample"
              data-testid="huddlePicture"
              src="huddle-landing-page.png"
            />
          </a>
          <h4>
            Huddle Landing Page
          </h4>
        </div>
      </div>
    </div>
  </div>
  <div
    className="sc-bxivhb gNPtEY"
  >
    <div>
      <p>
        Looking to start a project?
      </p>
      <a
        href="/contact"
        onClick={[Function]}
      >
        Get in contact.
      </a>
    </div>
    <div
      className="sc-ifAKCX buOxay"
    >
      <a
        href="https://github.com/nwthomas"
      >
        GitHub
      </a>
      <a
        href="https://www.linkedin.com/in/nwthomas-dev/"
      >
        LinkedIn
      </a>
      <a
        href="https://medium.com/@nwthomas"
      >
        Medium
      </a>
      <a
        href="https://twitter.com/nwthomas_"
      >
        Twitter
      </a>
      <a
        href="https://www.instagram.com/nwthomas/"
      >
        Instagram
      </a>
      <a
        href="/contact"
        onClick={[Function]}
      >
        Email
      </a>
    </div>
  </div>
  <div
    className="sc-EHOje eXingz"
  >
    <h4>
      Copyright Â© 2019 Nathan Thomas
    </h4>
  </div>
</div>
`;
