// Jest Snapshot v1, https://goo.gl/fbAQLP

exports[`<App /> matches the snapshot of App 1`] = `
<div
  className="sc-kgoBCf fkMpKB"
>
  <div>
    <div
      className="sc-ifAKCX iSFgrr"
    >
      <div
        className="sc-bwzfXH hyjEOv"
      >
        <a
          href="/"
          onClick={[Function]}
        >
          <div
            className="sc-bdVaJa iWTplj"
          >
            <div>
              <p>
                N
              </p>
            </div>
          </div>
        </a>
        <nav
          className="sc-htpNat kGyCMw"
        >
          <div
            className="sc-bxivhb ddVSCd"
            data-testid="darkmodeTab"
            onClick={[Function]}
          >
            <div>
              <img
                alt="Dark mode logo"
                src="sun.svg"
              />
            </div>
          </div>
          <a
            href="#featured-work"
          >
            Work
          </a>
          <a
            aria-current={null}
            href="/contact"
            onClick={[Function]}
          >
            Contact
          </a>
        </nav>
      </div>
    </div>
    <div>
      <div
        className="sc-EHOje fJkgFb"
      >
        <p>
          I'm Nathan Thomas, a
           
          <a
            href="https://github.com/nwthomas"
          >
            software engineer
          </a>
           living in San Francisco and working at 
          <a
            href="https://twitter.com/"
          >
            Twitter
          </a>
          . Let's 
          <a
            href="/contact"
            onClick={[Function]}
          >
            talk
          </a>
          .
        </p>
        <div
          className="sc-bZQynM iQRAjo"
        >
          <div>
            <h4>
              Currently:
            </h4>
            <div>
              <a
                className="twitter-logo"
                href="https://twitter.com/"
              >
                <img
                  alt="Twitter logo"
                  data-testid="twitterLogo"
                  src="twitter-logo-white.png"
                />
              </a>
            </div>
          </div>
          <div>
            <h4>
              Previously:
            </h4>
            <div>
              <a
                href="https://lambdaschool.com/"
              >
                <img
                  alt="Current school logo"
                  data-testid="schoolLogo"
                  src="lambda-logo-white.png"
                />
              </a>
            </div>
          </div>
        </div>
      </div>
      <div
        className="sc-gzVnrw gKnGcR"
      >
        <p
          id="featured-work"
        >
          Featured Projects
        </p>
        <div>
          <div>
            <div>
              <a
                href="https://github.com/labs14-stampd"
              >
                <img
                  alt="Stampd DApp sample"
                  data-testid="stampdPicture"
                  src="stampd-macbook.png"
                />
              </a>
              <h4>
                Stampd Blockchain Credentialing
              </h4>
            </div>
          </div>
          <div>
            <div>
              <a
                href="https://github.com/dustinmyers/react-conflux"
              >
                <img
                  alt="Conflux state management sample"
                  data-testid="confluxPicture"
                  src="conflux-logo.png"
                />
              </a>
              <h4>
                Conflux State Management
              </h4>
            </div>
          </div>
          <div>
            <div>
              <a
                href="https://github.com/nwthomas/instagram-clone"
              >
                <img
                  alt="Instagram portfolio sample"
                  data-testid="instagramPicture"
                  src="instagram-macbook.png"
                />
              </a>
              <h4>
                Instagram Clone
              </h4>
            </div>
          </div>
          <div>
            <div>
              <a
                href="https://github.com/nwthomas/huddle-landing-page"
              >
                <img
                  alt="Huddle portfolio sample"
                  data-testid="huddlePicture"
                  src="huddle-landing-page.png"
                />
              </a>
              <h4>
                Huddle Landing Page
              </h4>
            </div>
          </div>
        </div>
      </div>
      <div
        className="sc-htoDjs cwvfja"
      >
        <div>
          <p>
            Looking to start a project?
          </p>
          <a
            href="/contact"
            onClick={[Function]}
          >
            Get in contact.
          </a>
        </div>
        <div
          className="sc-dnqmqq hVOptj"
        >
          <a
            href="https://github.com/nwthomas"
          >
            GitHub
          </a>
          <a
            href="https://www.linkedin.com/in/nwthomas-dev/"
          >
            LinkedIn
          </a>
          <a
            href="https://medium.com/@nwthomas"
          >
            Medium
          </a>
          <a
            href="https://twitter.com/nwthomas_"
          >
            Twitter
          </a>
          <a
            href="https://www.instagram.com/nwthomas/"
          >
            Instagram
          </a>
          <a
            href="/contact"
            onClick={[Function]}
          >
            Email
          </a>
        </div>
      </div>
      <div
        className="sc-iwsKbI fyGAOl"
      >
        <h4>
          Copyright Â© 2019 Nathan Thomas
        </h4>
      </div>
    </div>
  </div>
</div>
`;
